┌───────────┬────────┬──────┐
│   Fruit   │ Color  │ [31mC[m[32mo[m[34md[m[33me[m │
├───────────┼────────┼──────┤
│ Apple     │ Red    │ [31m31[m   │
│ Lime      │ Green  │ [32m32[m   │
│ Banana    │ Yellow │ [33m33[m   │
│ Blueberry │ Blue   │ [34m34[m   │
└───────────┴────────┴──────┘